<?xml version="1.0" encoding="utf-8"?><testsuites name="pytest tests"><testsuite name="pytest" errors="0" failures="0" skipped="0" tests="91" time="0.430" timestamp="2026-01-18T19:09:24.186980+05:30" hostname="madhu"><testcase classname="tests.test_real_system" name="test_coverage_reporter_1" time="0.003" /><testcase classname="tests.test_real_system" name="test_coverage_reporter_2" time="0.001" /><testcase classname="tests.test_real_system" name="test_coverage_reporter_3" time="0.001" /><testcase classname="tests.test_real_system" name="test_coverage_reporter_4" time="0.002" /><testcase classname="tests.test_real_system" name="test_coverage_reporter_5" time="0.002" /><testcase classname="tests.test_real_system" name="test_coverage_reporter_6" time="0.001" /><testcase classname="tests.test_real_system" name="test_coverage_reporter_7" time="0.001" /><testcase classname="tests.test_real_system" name="test_coverage_reporter_8" time="0.002" /><testcase classname="tests.test_real_system" name="test_coverage_reporter_9" time="0.001" /><testcase classname="tests.test_real_system" name="test_dashboard_loading_1" time="0.001" /><testcase classname="tests.test_real_system" name="test_dashboard_loading_2" time="0.002" /><testcase classname="tests.test_real_system" name="test_dashboard_loading_3" time="0.001" /><testcase classname="tests.test_real_system" name="test_dashboard_loading_4" time="0.001" /><testcase classname="tests.test_real_system" name="test_dashboard_loading_5" time="0.001" /><testcase classname="tests.test_real_system" name="test_dashboard_loading_6" time="0.001" /><testcase classname="tests.test_real_system" name="test_dashboard_loading_7" time="0.001" /><testcase classname="tests.test_real_system" name="test_dashboard_loading_8" time="0.002" /><testcase classname="tests.test_real_system" name="test_dashboard_loading_9" time="0.001" /><testcase classname="tests.test_real_system" name="test_dashboard_loading_10" time="0.001" /><testcase classname="tests.test_real_system" name="test_dashboard_loading_11" time="0.001" /><testcase classname="tests.test_real_system" name="test_dashboard_loading_12" time="0.001" /><testcase classname="tests.test_real_system" name="test_generator_engine_1" time="0.001" /><testcase classname="tests.test_real_system" name="test_generator_engine_2" time="0.002" /><testcase classname="tests.test_real_system" name="test_generator_engine_3" time="0.002" /><testcase classname="tests.test_real_system" name="test_generator_engine_4" time="0.002" /><testcase classname="tests.test_real_system" name="test_generator_engine_5" time="0.001" /><testcase classname="tests.test_real_system" name="test_generator_engine_6" time="0.002" /><testcase classname="tests.test_real_system" name="test_generator_engine_7" time="0.001" /><testcase classname="tests.test_real_system" name="test_generator_engine_8" time="0.002" /><testcase classname="tests.test_real_system" name="test_generator_engine_9" time="0.002" /><testcase classname="tests.test_real_system" name="test_generator_engine_10" time="0.002" /><testcase classname="tests.test_real_system" name="test_generator_engine_11" time="0.002" /><testcase classname="tests.test_real_system" name="test_generator_engine_12" time="0.002" /><testcase classname="tests.test_real_system" name="test_generator_engine_13" time="0.002" /><testcase classname="tests.test_real_system" name="test_generator_engine_14" time="0.001" /><testcase classname="tests.test_real_system" name="test_generator_engine_15" time="0.002" /><testcase classname="tests.test_real_system" name="test_generator_engine_16" time="0.002" /><testcase classname="tests.test_real_system" name="test_generator_engine_17" time="0.002" /><testcase classname="tests.test_real_system" name="test_generator_engine_18" time="0.002" /><testcase classname="tests.test_real_system" name="test_llm_connection_1" time="0.001" /><testcase classname="tests.test_real_system" name="test_llm_connection_2" time="0.002" /><testcase classname="tests.test_real_system" name="test_llm_connection_3" time="0.002" /><testcase classname="tests.test_real_system" name="test_llm_connection_4" time="0.002" /><testcase classname="tests.test_real_system" name="test_llm_connection_5" time="0.002" /><testcase classname="tests.test_real_system" name="test_parser_syntax_1" time="0.002" /><testcase classname="tests.test_real_system" name="test_parser_syntax_2" time="0.001" /><testcase classname="tests.test_real_system" name="test_parser_syntax_3" time="0.002" /><testcase classname="tests.test_real_system" name="test_parser_syntax_4" time="0.002" /><testcase classname="tests.test_real_system" name="test_parser_syntax_5" time="0.002" /><testcase classname="tests.test_real_system" name="test_parser_syntax_6" time="0.002" /><testcase classname="tests.test_real_system" name="test_parser_syntax_7" time="0.002" /><testcase classname="tests.test_real_system" name="test_parser_syntax_8" time="0.002" /><testcase classname="tests.test_real_system" name="test_parser_syntax_9" time="0.003" /><testcase classname="tests.test_real_system" name="test_parser_syntax_10" time="0.002" /><testcase classname="tests.test_real_system" name="test_parser_syntax_11" time="0.002" /><testcase classname="tests.test_real_system" name="test_parser_syntax_12" time="0.002" /><testcase classname="tests.test_real_system" name="test_parser_syntax_13" time="0.001" /><testcase classname="tests.test_real_system" name="test_parser_syntax_14" time="0.001" /><testcase classname="tests.test_real_system" name="test_parser_syntax_15" time="0.001" /><testcase classname="tests.test_real_system" name="test_parser_syntax_16" time="0.002" /><testcase classname="tests.test_real_system" name="test_parser_syntax_17" time="0.001" /><testcase classname="tests.test_real_system" name="test_parser_syntax_18" time="0.001" /><testcase classname="tests.test_real_system" name="test_parser_syntax_19" time="0.002" /><testcase classname="tests.test_real_system" name="test_parser_syntax_20" time="0.002" /><testcase classname="tests.test_real_system" name="test_parser_syntax_21" time="0.002" /><testcase classname="tests.test_real_system" name="test_parser_syntax_22" time="0.004" /><testcase classname="tests.test_real_system" name="test_parser_syntax_23" time="0.002" /><testcase classname="tests.test_real_system" name="test_parser_syntax_24" time="0.002" /><testcase classname="tests.test_real_system" name="test_parser_syntax_25" time="0.002" /><testcase classname="tests.test_real_system" name="test_validation_rules_1" time="0.003" /><testcase classname="tests.test_real_system" name="test_validation_rules_2" time="0.002" /><testcase classname="tests.test_real_system" name="test_validation_rules_3" time="0.002" /><testcase classname="tests.test_real_system" name="test_validation_rules_4" time="0.002" /><testcase classname="tests.test_real_system" name="test_validation_rules_5" time="0.002" /><testcase classname="tests.test_real_system" name="test_validation_rules_6" time="0.002" /><testcase classname="tests.test_real_system" name="test_validation_rules_7" time="0.002" /><testcase classname="tests.test_real_system" name="test_validation_rules_8" time="0.002" /><testcase classname="tests.test_real_system" name="test_validation_rules_9" time="0.001" /><testcase classname="tests.test_real_system" name="test_validation_rules_10" time="0.002" /><testcase classname="tests.test_real_system" name="test_validation_rules_11" time="0.001" /><testcase classname="tests.test_real_system" name="test_validation_rules_12" time="0.001" /><testcase classname="tests.test_real_system" name="test_validation_rules_13" time="0.002" /><testcase classname="tests.test_real_system" name="test_validation_rules_14" time="0.002" /><testcase classname="tests.test_real_system" name="test_validation_rules_15" time="0.001" /><testcase classname="tests.test_real_system" name="test_validation_rules_16" time="0.002" /><testcase classname="tests.test_real_system" name="test_validation_rules_17" time="0.001" /><testcase classname="tests.test_real_system" name="test_validation_rules_18" time="0.002" /><testcase classname="tests.test_real_system" name="test_validation_rules_19" time="0.002" /><testcase classname="tests.test_real_system" name="test_validation_rules_20" time="0.002" /><testcase classname="tests.test_real_system" name="test_validation_rules_21" time="0.001" /><testcase classname="tests.test_real_system" name="test_validation_rules_22" time="0.001" /></testsuite></testsuites>